================================================================================
[1/10]

QUESTION:
What is the FY2018 capital expenditure amount (in USD millions) for 3M? Give a response to the question by relying on the details shown in the cash flow statement.

CONTEXT 1 (3M_2018_10K.pdf):
Financial condition:
 
3M generated $6.4 billion of operating cash flow in 2018, an increase of $199 million when compared to 2017. This followed a decrease of $422 million
when comparing 2017 to 2016. Refer to the section entitled “Financial Condition and Liquidity” later in MD&A for a discussion of items impacting cash
flows. In November 2018, 3M’s Board of Directors authorized the repurchase of up to $10 billion of 3M’s outstanding common stock, which replaced the
Company’s February 2016 repurchase program. This program has no pre-established end date. In 2018, the Company purchased $4.9 billion of its own

CONTEXT 2 (3M_2018_10K.pdf):
3M expects to contribute approximately $100 million to $200 million of cash to its global defined benefit pension and postretirement plans in 2019. The
Company does not have a required minimum cash pension contribution obligation for its U.S. plans in 2019. 3M expects global defined benefit pension and
postretirement expense in 2019 (before settlements, curtailments, special termination benefits and other) to decrease by approximately $130 million pre-tax
when compared to 2018. Refer to “Critical Accounting Estimates” within MD&A and Note 13 (Pension and Postretirement Benefit Plans) for additional
information concerning 3M’s pension and post-retirement plans.
 
26
[Page 27]

CONTEXT 3 (3M_2018_10K.pdf):
As of December 31, 2018, the Company had a balance of $64 million associated with the after tax net unrealized gain associated with cash flow hedging
instruments recorded in accumulated other comprehensive income. This includes a remaining balance of $7 million (after tax loss) related to forward
starting interest rate swaps, which will be amortized over the respective lives of the notes. Based on exchange rates as of December 31, 2018, 3M expects to
reclassify approximately $55 million and $15 million of the after-tax net unrealized foreign exchange cash flow hedging gains to earnings in 2019 and

CONTEXT 4 (3M_2018_10K.pdf):
(886) 
Net debt (non-GAAP measure)
 
$
11,352  $
9,793  $
1,559  
 
Refer to the preceding “Total Debt” and “Cash, Cash Equivalents and Marketable Securities” sections for additional details. 
 
Balance Sheet:
 
3M’s strong balance sheet and liquidity provide the Company with significant flexibility to fund its numerous opportunities going forward. The Company
will continue to invest in its operations to drive growth, including continual review of acquisition opportunities.
 
The Company uses working capital measures that place emphasis and focus on certain working capital assets, such as accounts receivable and inventory
activity.
 
Working Capital (non-GAAP measure):

CONTEXT 5 (3M_2018_10K.pdf):
·
In 2003, 3M recorded a capital lease asset and obligation of approximately 34 million British Pound (GBP), or approximately $43 million at
December 31, 2018, exchange rates, for a building in the United Kingdom (with a lease term of 22 years).
·
3M sold and leased-back certain recently constructed machinery and equipment in return for municipal securities, which in aggregate, were
recorded as a capital lease asset and obligation of approximately $13 million in 2018, $13 million in 2017, and $12 million in 2016, with an
average remaining lease term remaining of 15 years at December 31, 2018.

CONTEXT 6 (3M_2018_10K.pdf):
share) in 2016. 3M has paid dividends since 1916. In February 2019, 3M’s Board of Directors declared a first-quarter 2019 dividend of $1.44 per share, an
increase of 6 percent. This is equivalent to an annual dividend of $5.76 per share and marked the 61st consecutive year of dividend increases.
 
48
[Page 49]
Table of Contents 
Other cash flows from financing activities may include various other items, such as changes in cash overdraft balances, and principal payments for capital
leases. In addition, in 2017, this included a payment related to the $96 million in interest expense associated with premiums and fees for the early retirement
of debt. See Note 12 for additional details.

CONTEXT 7 (3M_2018_10K.pdf):
$
222  $
(3,086) $
(1,403) 
 
46
[Page 47]
Table of Contents 
Investments in property, plant and equipment enable growth across many diverse markets, helping to meet product demand and increasing manufacturing
efficiency. The Company expects 2019 capital spending to be approximately $1.7 billion to $1.9 billion as 3M continues to invest in its businesses.
 
3M invests in renewal and maintenance programs, which pertain to cost reduction, cycle time, maintaining and renewing current capacity, eliminating
pollution, and compliance. Costs related to maintenance, ordinary repairs, and certain other items are expensed. 3M also invests in growth, which adds to

CONTEXT 8 (3M_2018_10K.pdf):
Cash dividends declared and paid totaled $1.36 and $1.175 per share for each quarter in 2018 and 2017, respectively. 3M typically declares and pays
dividends in the same quarter. In December 2014, 3M declared dividends that were paid in the following first quarter.
14
[Page 15]
Table of Contents 
 
Item 7. Management’s  Discussion and Analysis of Financial Condition and Results of Operations.
 
Management’s Discussion and Analysis of Financial Condition and Results of Operations (MD&A) is designed to provide a reader of 3M’s financial
statements with a narrative from the perspective of management. 3M’s MD&A is presented in eight sections:
 
·
Overview
·
Results of Operations
·

CONTEXT 9 (3M_2018_10K.pdf):
is recorded within other financing activities on the statement of cash flows. This charge reflected the differential between the carrying value and the amount
paid to acquire the tendered notes and related expenses.
 
In June 2017, 3M repaid $650 million aggregate principal amount of fixed rate medium-term notes that matured.
 
In September 2016, 3M repaid $1 billion aggregate principal amount of medium-term notes.
 
Floating Rate Notes
 
At various times, 3M has issued floating rate notes containing put provisions. 3M would be required to repurchase these securities at various prices ranging

CONTEXT 10 (3M_2018_10K.pdf):
presented separately.
 
Transactions related to investing and financing activities with significant non-cash components are as follows:
·
3M sold and leased-back, under capital leases, certain recently constructed machinery and equipment in return for municipal securities with
certain cities in the United States. In aggregate, the values totaled approximately $13 million in 2018, $13 million in 2017, and $12 million in
2016, as of the transaction date.
 
83
[Page 84]
Table of Contents 
NOTE 10.  Income Taxes 
 
Income Before Income Taxes
 
(Millions)
    
2018
    
2017
    
2016
 
United States
 $
3,487  $
4,149  $
4,366  
International
 
 
3,513  
 
3,399  
 
2,687  
Total
 $
7,000  $

ANSWER:
$1.7 billion to $1.9 billion

GOLD:
$1577.00

JUSTIFICATION:
The metric capital expenditures was directly extracted from the company 10K. The line item name, as seen in the 10K, was: Purchases of property, plant and equipment (PP&E).

================================================================================
[2/10]

QUESTION:
Assume that you are a public equities analyst. Answer the following question by primarily using information that is shown in the balance sheet: what is the year end FY2018 net PPNE for 3M? Answer in USD billions.

CONTEXT 1 (3M_2018_10K.pdf):
net debt as total debt less the total of cash, cash equivalents and current and long-term marketable securities. 3M believes net debt is meaningful to
investors as 3M considers net debt and its components to be important indicators of liquidity and financial position. The following table provides net debt
as of December 31, 2018 and 2017.
 
 
    
December 31,
  
2018 versus
 
(Millions)
 
2018
 
2017
 
2017
 
Total debt
 
$
14,622  $
13,949  $
673  
Less: Cash, cash equivalents and marketable securities
 
 
3,270   
4,156   
(886) 
Net debt (non-GAAP measure)
 
$
11,352  $
9,793  $
1,559

CONTEXT 2 (3M_2018_10K.pdf):
$
14  
$
11  
$
 8  
 
Net income attributable to noncontrolling interest represents the elimination of the income or loss attributable to non-3M ownership interests in 3M
consolidated entities. The amount primarily relates to 3M India Limited, of which 3M’s effective ownership is 75 percent.
 
Currency Effects:
 
3M estimates that year-on-year currency effects, including hedging impacts, decreased pre-tax income by $42 million and $111 million in 2018 and 2017,
respectively. These estimates include the effect of translating profits from local currencies into U.S. dollars; the impact of currency fluctuations on the

CONTEXT 3 (3M_2018_10K.pdf):
As of December 31, 2018, the Company had a balance of $64 million associated with the after tax net unrealized gain associated with cash flow hedging
instruments recorded in accumulated other comprehensive income. This includes a remaining balance of $7 million (after tax loss) related to forward
starting interest rate swaps, which will be amortized over the respective lives of the notes. Based on exchange rates as of December 31, 2018, 3M expects to
reclassify approximately $55 million and $15 million of the after-tax net unrealized foreign exchange cash flow hedging gains to earnings in 2019 and

CONTEXT 4 (3M_2018_10K.pdf):
geographic area are not indicative of end-user consumption in that geographic area. Financial information related to 3M operations in various geographic
areas is provided in Note 19.
 
Refer to the “Overview” section for a summary of net sales by geographic area and business segment.
 
38
[Page 39]
Table of Contents 
Geographic Area Supplemental Information
 
 
 
 
 
 
 
 
  
 
  
 
  
 
 Property, Plant and  
 
 
 
 
 
 
 
  
 
  
 
  
 
 
Equipment - net
 
 
 Employees as of December 31,  
Capital Spending
 as of December 31,  
(Millions, except Employees)
    
2018
    
2017
    
2016
    
2018
    
2017
    
2016
    
2018
    
2017
 
United States
 37,412  36,958  35,748  $
994  $

CONTEXT 5 (3M_2018_10K.pdf):
(886) 
Net debt (non-GAAP measure)
 
$
11,352  $
9,793  $
1,559  
 
Refer to the preceding “Total Debt” and “Cash, Cash Equivalents and Marketable Securities” sections for additional details. 
 
Balance Sheet:
 
3M’s strong balance sheet and liquidity provide the Company with significant flexibility to fund its numerous opportunities going forward. The Company
will continue to invest in its operations to drive growth, including continual review of acquisition opportunities.
 
The Company uses working capital measures that place emphasis and focus on certain working capital assets, such as accounts receivable and inventory
activity.
 
Working Capital (non-GAAP measure):

CONTEXT 6 (3M_2018_10K.pdf):
Financial condition:
 
3M generated $6.4 billion of operating cash flow in 2018, an increase of $199 million when compared to 2017. This followed a decrease of $422 million
when comparing 2017 to 2016. Refer to the section entitled “Financial Condition and Liquidity” later in MD&A for a discussion of items impacting cash
flows. In November 2018, 3M’s Board of Directors authorized the repurchase of up to $10 billion of 3M’s outstanding common stock, which replaced the
Company’s February 2016 repurchase program. This program has no pre-established end date. In 2018, the Company purchased $4.9 billion of its own

CONTEXT 7 (3M_2018_10K.pdf):
Years ended December 31
        
 
        
 
        
 
 
(Millions)
 
2018
 
2017
 
2016
 
Purchases of property, plant and equipment (PP&E)
 $
(1,577) $
(1,373) $
(1,420) 
Proceeds from sale of PP&E and other assets
 
 
262  
 
49  
 
58  
Acquisitions, net of cash acquired
 
 
13  
 
(2,023) 
 
(16) 
Purchases and proceeds from maturities and sale of marketable
securities and investments, net
 
 
669  
 
(798) 
 
(163) 
Proceeds from sale of businesses, net of cash sold
 
 
846  
 
1,065  
 
142  
Other — net
 
 
 9  
 
(6) 
 
(4) 
Net cash provided by (used in) investing activities
 $
222  $
(3,086) $
(1,403) 
 
46
[Page 47]
Table of Contents

CONTEXT 8 (3M_2018_10K.pdf):
effects, and lower year on year commercial paper balance. Outstanding commercial paper was $435 million at December 31, 2018, as compared to $745
million at December 31, 2017. Net commercial paper issuances and repayments and borrowings by international subsidiaries are largely reflected in
“Change in short-term debt – net” in the preceding table. 3M’s primary short-term liquidity needs are met through cash on hand and U.S. commercial paper
issuances.
 
Proceeds from debt for 2018 primarily relate to the September 2018, issuance of $400 million aggregate principal amount of 3-year fixed rate medium-term

CONTEXT 9 (3M_2018_10K.pdf):
transformation, which is having a positive impact on 3M’s productivity efforts. Higher raw material costs partially offset these year-on-year
benefits.
·
Lower year-on-year restructuring (other than activity related to the Communication Markets Division divestiture), portfolio and footprint actions
increased pre-tax earnings by approximately $58 million and $307 million in the fourth quarter and full year 2018, respectively. These charges
included $24 million related to exit activities and $80 million in asset charges, accelerated depreciation and other costs taken in the first quarter

CONTEXT 10 (3M_2018_10K.pdf):
value at both December 31, 2018, and September 30, 2018, was significantly in excess of its shareholders’ equity of approximately $10 billion.
 
As discussed in Note 3, 3M sold its Communication Markets division in 2018, which comprised substantially all of the $272 million reduction in goodwill
associated with divestitures during 2018.
 
In 2018, 3M determined fair values using either an industry price-earnings ratio approach or a discounted cash flows analysis. Where applicable, 3M used a
weighted-average discounted cash flow analysis for certain divisions, using projected cash flows that were
41
[Page 42]
Table of Contents

ANSWER:
$14,622

GOLD:
$8.70

JUSTIFICATION:
The metric ppne, net was directly extracted from the company 10K. The line item name, as seen in the 10K, was: Property, plant and equipment â net.

================================================================================
[3/10]

QUESTION:
Is 3M a capital-intensive business based on FY2022 data?

CONTEXT 1 (3M_2022_10K.pdf):
36
[Page 37]
Table of Contents
FINANCIAL CONDITION AND LIQUIDITY
The strength and stability of 3M’s business model and strong free cash flow capability, together with proven capital markets access, provide financial flexibility to deploy
capital in accordance with the Company's stated priorities and meet needs associated with contractual commitments and other obligations. Investing in 3M’s business to drive
organic growth and deliver strong returns on invested capital remains the first priority for capital deployment. This includes research and development, capital expenditures, and

CONTEXT 2 (3M_2022_10K.pdf):
$
(1,046) $
(1,317)
Investments in property, plant and equipment enable growth across many diverse markets, helping to meet product demand and increasing manufacturing efficiency. The
Company expects 2023 capital spending to be approximately $1.5 billion to $1.8 billion as 3M continues to invest in growth, productivity and sustainability.
3M records capital-related government grants earned as reductions to the cost of property, plant and equipment; and associated unpaid liabilities and grant proceeds receivable
are considered non-cash changes in such balances for purposes of preparation of statement of cash flows.
39
[Page 40]
Table of Contents

CONTEXT 3 (3M_2022_10K.pdf):
Capital Spending/Net Property, Plant and Equipment:
Investments in property, plant and equipment enable growth across many diverse markets, helping to meet product demand and increasing manufacturing efficiency. 3M is
increasing its investment in manufacturing and sourcing capability in order to more closely align its product capability with its sales in major geographic areas in order to best
serve its customers throughout the world with proprietary, automated, efficient, safe and sustainable processes. Capital spending is discussed in more detail later in MD&A in
the section entitled “Cash Flows from Investing Activities.”
CRITICAL ACCOUNTING ESTIMATES

CONTEXT 4 (3M_2022_10K.pdf):
for further information on earnings considered to be reinvested indefinitely.
3M maintains a strong liquidity profile. The Company’s primary short-term liquidity needs are met through cash on hand and U.S. commercial paper issuances. 3M believes it
will have continuous access to the commercial paper market. 3M’s commercial paper program permits the Company to have a maximum of $5 billion outstanding with a
maximum maturity of 397 days from date of issuance. The Company had no commercial paper outstanding at December 31, 2022 and December 31, 2021.
Total debt:

CONTEXT 5 (3M_2022_10K.pdf):
not defined under U.S. generally accepted accounting principles and may not be computed the same as similarly titled measures used by other companies. The Company defines
working capital as current assets minus current liabilities. 3M believes working capital is meaningful to investors as a measure of operational efficiency and short-term financial
health.
Working capital decreased $1.2 billion compared with December 31, 2021. Balance changes in current assets decreased working capital by $0.7 billion, driven largely by

CONTEXT 6 (3M_2022_10K.pdf):
* Change in the Company’s credit ratings could increase cost of funding.
The Company’s credit ratings are important to 3M’s cost of capital. The major rating agencies routinely evaluate the Company’s credit profile and assign debt ratings to 3M.
This evaluation is based on a number of factors, which include financial strength, business and financial risk, as well as transparency with rating agencies and timeliness of
financial reporting. As of December 2022, 3M has a credit rating of A1, stable outlook from Moody's Investors Service, and a credit rating of A+, CreditWatch negative from

CONTEXT 7 (3M_2022_10K.pdf):
“Cautionary Note Concerning Factors That May Affect Future Results” in Item 1 and the risk factors provided in Item 1A for discussion of these risks and uncertainties).
Additional information about results of operations and financial condition for 2021 and 2020 can be found in “Management’s Discussion and Analysis of Financial Condition
and Results of Operations” sections in 3M's Current Report on Form 8-K dated April 26, 2022 (which updated 3M's 2021 Annual Report on Form 10-K).
OVERVIEW
3M is a diversified global manufacturer, technology innovator and marketer of a wide variety of products and services. Effective in the first quarter of 2022, 3M made the
following changes:
•

CONTEXT 8 (3M_2022_10K.pdf):
(1,424)
Less: Cash, cash equivalents and marketable securities
3,916
4,792
(876)
Net debt (non-GAAP measure)
$
12,023 $
12,571 $
(548)
Refer to the preceding “Total Debt” and “Cash, Cash Equivalents and Marketable Securities” sections for additional details.
Balance Sheet:
3M’s strong balance sheet and liquidity provide the Company with significant flexibility to fund its numerous opportunities going forward. The Company will continue to invest
in its operations to drive growth, including continual review of acquisition opportunities.

CONTEXT 9 (3M_2022_10K.pdf):
China
  3M International Trading (Shanghai) Co., Ltd.
China
  3M Investments (China) Co., Ltd.
China
  3M Material Technology (Suzhou) Co., Ltd.
China
  3M Specialty Materials (Shanghai) Co., Ltd.
China
  3M Purification SAS
France
  3M France S.A.S.
France
  Capital Safety Group EMEA
France
  3M Deutschland GmbH
Germany
  3M Real Estate GmbH & Co KG
Germany
  Dyneon GmbH
Germany
  3M Hong Kong Limited
Hong Kong
  3M India Limited
India
  3M Global Capital Limited
Ireland
  KCI Manufacturing Unlimited Company
Ireland
  3M ITALIA s.r.l.
Italy
  3M Japan Holdings G.K.
Japan
  3M Japan Innovation Limited
Japan
  3M Japan Limited
Japan
[Page 245]
Exhibit 21
Name of Company

CONTEXT 10 (3M_2022_10K.pdf):
General
3M is a diversified technology company with a global presence in the following businesses: Safety and Industrial; Transportation and Electronics; Health Care; and Consumer.
3M is among the leading manufacturers of products for many of the markets it serves. Most 3M products involve expertise in product development, manufacturing and
marketing, and are subject to competition from products manufactured and sold by other technologically oriented companies.
Business Segments
3M manages its operations in four business segments. The reportable segments are Safety and Industrial, Transportation and Electronics, Health Care, and Consumer. 3M’s four

ANSWER:
Investments in property, plant and equipment enable growth across many diverse markets, helping to meet product demand and increasing manufacturing efficiency.

GOLD:
No, the company is managing its CAPEX and Fixed Assets pretty efficiently, which is evident from below key metrics:
CAPEX/Revenue Ratio: 5.1%
Fixed assets/Total Assets: 20%
Return on Assets= 12.4%

JUSTIFICATION:
CAPEX/Revenue
Fixed Assets/Total Assets
ROA=Net Income/Total Assets

================================================================================
[4/10]

QUESTION:
What drove operating margin change as of FY2022 for 3M? If operating margin is not a useful metric for a company like this, then please state that and explain why.

CONTEXT 1 (3M_2022_10K.pdf):
following changes:
•
Changes in measure of segment operating performance used by 3M’s chief operating decision maker—impacting 3M’s disclosed measure of segment profit/loss
(business segment operating income). See additional information in Note 19. 3M's disclosed disaggregated revenue was also updated as a result of the changes in
segment reporting. See additional information in Note 2.
•
Changes to non-GAAP measures - certain amounts adjusted for special items. Refer to the Certain amounts adjusted for special items - (non-GAAP measures) section
below for additional information.
Information provided herein reflects the impact of these changes for all periods presented.

CONTEXT 2 (3M_2022_10K.pdf):
impacts.
Though 3M monitors relevant factors as well as options to mitigate potential impacts, it is not able to predict the extent to which these circumstances may have a material effect
on 3M’s consolidated results of operations or financial condition. Relevant risk factors can be found in Item 1A “Risk Factors” in this Annual Report on Form 10-K.
Operating income margin and earnings per share attributable to 3M common shareholders – diluted:
The following table provides the increases (decreases) in operating income margins and diluted earnings per share.
Year ended December 31,
2022
2021
Percent of net sales
Earnings per
diluted share
Percent of net sales
Earnings per

CONTEXT 3 (3M_2022_10K.pdf):
Effective in the first quarter of 2022, 3M made changes in the measure of segment operating performance used by 3M’s chief operating decision maker—impacting 3M’s
disclosed measure of segment profit/loss (business segment operating income). See additional information in Note 19. 3M's disclosed disaggregated revenue was also updated
as a result of the changes in segment reporting. See additional information in Note 2. Information provided herein reflects the impact of these changes for all periods presented.
Foreign currency translation: Local currencies generally are considered the functional currencies outside the United States. Exceptions include 3M’s subsidiaries in Argentina

CONTEXT 4 (3M_2022_10K.pdf):
presented herein reflects the impact of these business segment reporting changes for all periods presented.
Effective in the first quarter of 2022:
Eliminating inclusion of dual credit in measure of segment operating performance
3M business segment operating performance measures were updated to no longer include dual credit to business segments for certain sales and related operating income.
Management previously evaluated its business segments based on net sales and operating income performance, including dual credit reporting. 3M reflected additional

CONTEXT 5 (3M_2022_10K.pdf):
operating income excludes certain expenses and income that are not allocated to business segments (as described below in “Corporate and Unallocated”).
Effective in the first quarter of 2022, the measure of segment operating performance used by 3M’s chief operating decision maker (CODM) changed and, as a result, 3M’s
disclosed measure of segment profit/loss (business segment operating income (loss) ) was updated. The change to business segment operating income aligns with the update to
how the CODM assesses performance and allocates resources for the Company’s business segments. The changes included the items described below. The financial information

CONTEXT 6 (3M_2022_10K.pdf):
the first quarter of 2022, the measure of segment operating performance used by 3M’s chief operating decision maker (CODM) changed and, as a result, 3M’s disclosed
measure of segment profit/loss (business segment operating income) was updated for all comparative periods presented. The change to business segment operating income
aligns with the update to how the CODM assesses performance and allocates resources for the Company’s business segments (see Note 19 for additional details).
Information provided herein reflects the impact of these changes for all periods presented. 3M manages its operations in four business segments. The reportable segments are

CONTEXT 7 (3M_2022_10K.pdf):
Operating Business Segments:
Information related to 3M’s business segments is presented in the tables that follow with additional context in the corresponding narrative below the tables.
29
[Page 30]
Table of Contents
Safety and Industrial Business (33.9% of consolidated sales):
2022
2021
Sales (millions)
$
11,604
$
11,981
Sales change analysis:
Organic sales
1.0 %
7.3 %
Translation
(4.2)
1.9 
Total sales change
(3.2 %)
9.2 %
Business segment operating income (loss) (millions)
$
1,199
$
2,466
Percent change
(51.4 %)
(4.7 %)
Percent of sales
10.3 %
20.6 %
Adjusted business segment operating income (millions) (non-GAAP measure)
$
2,613
$
2,715
Percent change
(3.7) %
(2.8) %
Percent of sales

CONTEXT 8 (3M_2022_10K.pdf):
•
Declines in disposable respirator demand year-on-year negatively impacted operating margins by 0.3 percent and earnings per share by $0.29.
•
Remaining organic growth/productivity and other impacts resulted in a net year-on-year benefit $0.85 to earnings per share and 1.3 percent to operating margins
which was impacted by the following:
◦
Benefits from strong pricing, spending discipline and 2021 restructuring actions
◦
Manufacturing headwinds from global supply chain challenges; geopolitical impacts due to the Russia/Ukraine conflict as well as ongoing COVID-
related challenges in China
◦

CONTEXT 9 (3M_2022_10K.pdf):
intention to spin off the Health Care business as a separate public company (see Note 3 for additional information). Transactions among reportable segments are recorded at
cost. 3M is an integrated enterprise characterized by substantial intersegment cooperation, cost allocations and inventory transfers. Therefore, management does not represent
that these segments, if operated independently, would report the operating income information shown.
3M discloses business segment operating income as its measure of segment profit/loss, reconciled to both total 3M operating income and income before taxes. Business segment

CONTEXT 10 (3M_2022_10K.pdf):
through its sales district and the related approximate operating income. The offset to the dual credit business segment reporting was reflected as a reconciling item entitled
“Elimination of Dual Credit,” such that sales and operating income in total were unchanged.
121
[Page 122]
Table of Contents
Reflecting certain litigation-related costs in the Safety and Industrial segment's operating performance measure
3M's business segment operating performance measure with respect to its Safety and Industrial business segment was updated relative to litigation-related costs for non-Aearo

ANSWER:
The remaining organic growth/productivity and other impacts resulted in a net year-on-year benefit of $0.85 to earnings per share and 1.3 percent to operating margins, which was impacted by:
* Benefits from strong pricing, spending discipline and 2021 restructuring actions
* Manufacturing headwinds from global supply chain challenges; geopolitical impacts due to the Russia/Ukraine conflict as well as ongoing COVID-related challenges in China

The context does not state whether operating margin is a useful metric for a company like this.

GOLD:
Operating Margin for 3M in FY2022 has decreased by 1.7% primarily due to: 
-Decrease in gross Margin
-mostly one-off charges including Combat Arms Earplugs litigation, impairment related to exiting PFAS manufacturing, costs related to exiting Russia and divestiture-related restructuring
charges

================================================================================
[5/10]

QUESTION:
If we exclude the impact of M&A, which segment has dragged down 3M's overall growth in 2022?

CONTEXT 1 (3M_2022_10K.pdf):
“Cautionary Note Concerning Factors That May Affect Future Results” in Item 1 and the risk factors provided in Item 1A for discussion of these risks and uncertainties).
Additional information about results of operations and financial condition for 2021 and 2020 can be found in “Management’s Discussion and Analysis of Financial Condition
and Results of Operations” sections in 3M's Current Report on Form 8-K dated April 26, 2022 (which updated 3M's 2021 Annual Report on Form 10-K).
OVERVIEW
3M is a diversified global manufacturer, technology innovator and marketer of a wide variety of products and services. Effective in the first quarter of 2022, 3M made the
following changes:
•

CONTEXT 2 (3M_2022_10K.pdf):
•
Growth benefited from higher year-on-year dental procedures, continued high demand for biopharma filtration solutions for COVID-related vaccine and therapeutic
development and manufacturing, rising elective procedure volumes in the first six months of 2021 and due to improving hospital information technology investments.
Divestitures:
•
In May 2020, 3M completed the sale of substantially all of its drug delivery business.
Business segment operating income margins increased year-on-year due to sales growth leverage and benefits from restructuring actions and lower related charges that were

CONTEXT 3 (3M_2022_10K.pdf):
were less than one percent of 3M’s consolidated net sales for 2021. Further, in September 2022, management committed to a plan to exit and dispose of the related net assets
through an intended sale of the subsidiaries. The associated charge in 2022 related to this action is further discussed in Note 15. 3M also has other operations that source certain
raw materials from suppliers in Russia and have experienced related supply disruption due to the conflict. Further supply disruption could lead to downstream customer
impacts.

CONTEXT 4 (3M_2022_10K.pdf):
charges (see Note 5), and continued investment in key growth initiatives. These increases were partially offset by restructuring benefits and ongoing general 3M cost
management.
Research, Development and Related Expenses:
R&D, measured as a percent of sales, decreased in 2022 when compared to the same period last year. 3M continues to invest in a range of R&D activities from application
development, product and manufacturing support, product development and technology development aimed at disruptive innovations.
Gain on Business Divestitures:

CONTEXT 5 (3M_2022_10K.pdf):
portfolio by the end of 2025. 3M’s decision is based on careful consideration and a thorough evaluation of the evolving external landscape, including multiple factors such as
accelerating regulatory trends focused on reducing or eliminating the presence of PFAS in the environment and changing stakeholder expectations. The Company recognized a
$0.8 billion pre-tax charge in the fourth quarter of 2022 associated with this announcement related to asset impairments, and will incur additional expenses in connection with its

CONTEXT 6 (3M_2022_10K.pdf):
incurred to renew or extend the term of intangible assets.
NOTE 5. Restructuring Actions
2020 through 2022 Restructuring Action
Operational/Marketing Capability Restructuring:
In late 2020, 3M announced it would undertake certain actions beginning in the fourth quarter of 2020 to further enhance its operations and marketing capabilities to take
advantage of certain global market trends while de-prioritizing investments in slower-growth end markets, resulting in a pre-tax charge of $137 million. In 2021, management
approved and committed to undertake additional actions under this initiative resulting in a 2021 pre-tax charge of $124 million. In the first quarter of 2022, management

CONTEXT 7 (3M_2022_10K.pdf):
•
Lower year-on-year net gains related to certain property sales.
•
COVID-impacts recognized on certain assets in 2020.
•
In 2021, higher defined benefit pension and postretirement service cost increased expense year-on-year.
Raw material impact:
•
In 2022, 3M continued to experience inflationary pressures with year-on-year increases in raw material and logistics costs driven by many geopolitical, logistics, and
disruptive events that caused imbalance in the global supply chain.
•
In 2021, 3M experienced higher raw material, logistics, and outsourced manufacturing costs from strong end-market demand, ongoing COVID-19 and related global

CONTEXT 8 (3M_2022_10K.pdf):
within other current liabilities that largely represented a reserve against the balance of cumulative translation adjustment. Additionally, in December 2022, 3M committed to a
plan to exit per- and polyfluoroalkyl substance (PFAS) manufacturing by the end of 2025. As a result, 3M recorded a pre-tax charge of $0.8 billion in the fourth quarter of 2022,
related to impairment of long-lived and indefinite-lived assets ($0.5 billion — primarily associated with property, plant, and equipment) and impairment of goodwill ($0.3

CONTEXT 9 (3M_2022_10K.pdf):
business segments bring together common or related 3M technologies, enhancing the development of innovative products and services and providing for efficient sharing of
business resources. In July 2022, 3M announced its intention to spin off the Health Care business as a separate public company (see Note 3 for additional information). Refer to
segment descriptions summarized below (Financial information and other disclosures relating to 3M’s business segments and operations in major geographic areas are provided
in the Notes to Consolidated Financial Statements):
4
[Page 5]
Table of Contents
Business Segment
Safety and Industrial
Transportation and Electronics
Health Care
Consumer

CONTEXT 10 (3M_2022_10K.pdf):
NOTE 1. Significant Accounting Policies
Consolidation: 3M is a diversified global manufacturer, technology innovator and marketer of a wide variety of products. All applicable subsidiaries are consolidated. All
intercompany transactions are eliminated. As used herein, the term “3M” or “Company” refers to 3M Company and subsidiaries unless the context indicates otherwise.
3M deconsolidated the Aearo Entities in the third quarter of 2022. See additional information in Note 16.
Basis of presentation: Certain amounts in the prior years’ consolidated financial statements have been reclassified to conform to the current year presentation.

ANSWER:
Not found in context.

GOLD:
The consumer segment shrunk by 0.9% organically.

================================================================================
[6/10]

QUESTION:
Does 3M have a reasonably healthy liquidity profile based on its quick ratio for Q2 of FY2023? If the quick ratio is not relevant to measure liquidity, please state that and explain why.

CONTEXT 1 (3M_2023Q2_10Q.pdf):
to manage currency risk related to earnings including natural hedges such as pricing, productivity, hard currency, hard currency-indexed billings, and localizing source of
supply. 3M also uses financial hedges to mitigate currency risk. In the case of more liquid currencies, 3M hedges a portion of its aggregate exposure, using a 12, 24 or 36 month
horizon, depending on the currency in question. For less liquid currencies, financial hedging is frequently more expensive with more limitations on tenor. Thus, this risk is

CONTEXT 2 (3M_2023Q2_10Q.pdf):
Balance Sheet:
3M’s strong balance sheet and liquidity provide the Company with significant flexibility to fund its numerous opportunities going forward. The Company will continue to
invest in its operations to drive growth, including continual review of acquisition opportunities.
The Company uses working capital measures that place emphasis and focus on certain working capital assets, such as accounts receivable and inventory activity.
Working capital (non-GAAP measure):
(Millions)
June 30, 2023
December 31, 2022
Change
Current assets
$
15,754
$
14,688
$
1,066 
Less: Current liabilities
10,936
9,523
1,413 
Working capital (non-GAAP measure)
$
4,818
$
5,165
$
(347)

CONTEXT 3 (3M_2023Q2_10Q.pdf):
largely managed via local operational actions using natural hedging tools as discussed above. In either case, 3M’s hedging approach is designed to mitigate a portion of foreign
currency risk and reduce volatility, ultimately allowing time for 3M’s businesses to respond to changes in the marketplace.
61
[Page 62]
Table of Contents
Financial condition:
Refer to the section entitled Financial Condition and Liquidity later in MD&A for a discussion of items impacting cash flows.
In November 2018, 3M’s Board of Directors replaced the Company’s February 2016 repurchase program with a new repurchase program. This new program authorizes the

CONTEXT 4 (3M_2023Q2_10Q.pdf):
69
[Page 70]
Table of Contents
FINANCIAL CONDITION AND LIQUIDITY
The strength and stability of 3M’s business model and strong free cash flow capability, together with proven capital markets access, provide financial flexibility to deploy
capital in accordance with the Company's stated priorities and meet needs associated with contractual commitments and other obligations. Investing in 3M’s business to drive
organic growth and deliver strong returns on invested capital remains the first priority for capital deployment. This includes research and development, capital expenditures,

CONTEXT 5 (3M_2023Q2_10Q.pdf):
in 3M's 2022 Annual Report on Form 10-K for further information on earnings considered to be reinvested indefinitely.
3M maintains a strong liquidity profile. The Company’s primary short-term liquidity needs are met through cash on hand and U.S. commercial paper issuances. 3M believes it
will have continuous access to the commercial paper market. 3M’s commercial paper program permits the Company to have a maximum of $5 billion outstanding with a
maximum maturity of 397 days from date of issuance. The Company had $1.8 billion in commercial paper outstanding at June 30, 2023, compared to no commercial paper
outstanding as of December 31, 2022.
Total debt:

CONTEXT 6 (3M_2023Q2_10Q.pdf):
from the perspective of management. 3M’s MD&A is presented in the following sections:
•
Overview
•
Results of Operations
•
Performance by Business Segment
•
Financial Condition and Liquidity
•
Cautionary Note Concerning Factors That May Affect Future Results
The term "N/M" used herein references "not meaningful" for certain percent changes.
Forward-looking statements in Part I, Item 2 may involve risks and uncertainties that could cause results to differ materially from those projected (refer to the section entitled

CONTEXT 7 (3M_2023Q2_10Q.pdf):
Company's funding obligations and adversely impact its results of operations and cash flows.
* Change in the Company’s credit ratings could increase cost of funding.
The Company’s credit ratings are important to 3M’s cost of capital. The major rating agencies routinely evaluate the Company’s credit profile and assign debt ratings to 3M.
This evaluation is based on a number of factors, which include financial strength, business and financial risk, as well as transparency with rating agencies and timeliness of
financial reporting. The Company’s credit ratings have served to lower 3M’s borrowing costs and facilitate access to a variety of lenders. As of June 2023, 3M has a credit

CONTEXT 8 (3M_2023Q2_10Q.pdf):
outstanding as of December 31, 2022.
Total debt:
The strength of 3M’s credit profile and significant ongoing cash flows provide 3M proven access to capital markets. Additionally, the Company’s debt maturity profile is
staggered to help ensure refinancing needs in any given year are reasonable in proportion to the total portfolio. As of June 2023, 3M has a credit rating of A2, negative outlook
from Moody's Investors Service, and a credit rating of A-, CreditWatch negative from S&P Global Ratings.
The Company’s total debt at June 30, 2023 was consistent when compared to December 31, 2022 as maturities of $1.8 billion of fixed-rate notes were offset by issuances of

CONTEXT 9 (3M_2023Q2_10Q.pdf):
The Company is exposed to credit loss in the event of nonperformance by counterparties in interest rate swaps, currency swaps, and forward and option contracts. However, the
Company’s risk is limited to the fair value of the instruments. The Company actively monitors its exposure to credit risk through the use of credit approvals and credit limits,
and by selecting major international banks and financial institutions as counterparties. 3M enters into master netting arrangements with counterparties when possible to mitigate

CONTEXT 10 (3M_2023Q2_10Q.pdf):
second quarter of 2023, 3M closed on the sale of these subsidiaries, resulting in an immaterial gain after reversing this reserve while reclassifying the balance of cumulative
translation adjustment into earnings.
Fair Value of Financial Instruments:
The Company’s financial instruments include cash and cash equivalents, marketable securities, accounts receivable, certain investments, accounts payable, borrowings, and
derivative contracts. The fair values of cash equivalents, accounts receivable, accounts payable, and short-term borrowings and current portion of long-term debt approximated

ANSWER:
Not found in context.

GOLD:
No. The quick ratio for 3M was 0.96 by Jun'23 close, which needs a bit of an improvement to touch the 1x mark

JUSTIFICATION:
Quick Ratio= (Total current assets-Total inventories)/Total current liabilities
(15,754-5,280)/10,936

================================================================================
[7/10]

QUESTION:
Which debt securities are registered to trade on a national securities exchange under 3M's name as of Q2 of 2023?

CONTEXT 1 (3M_2023Q2_10Q.pdf):
equity securities for future issuance and sale. This replaced 3M’s previous shelf registration dated February 10, 2020. In May 2016, 3M entered into an amended and restated
distribution agreement relating to the future issuance and sale (from time to time) of the Company’s medium-term notes program (Series F), up to the aggregate principal
amount of $18 billion, which was an increase from the previous aggregate principal amount up to $9 billion of the same Series. As of June 30, 2023, the total amount of debt
issued as part of the medium-term notes program (Series F), inclusive of debt issued in February 2019 and prior years is approximately $17.6 billion (utilizing the foreign

CONTEXT 2 (3M_2023Q2_10Q.pdf):
less the total of cash, cash equivalents and current and long-term marketable securities. 3M believes net debt is meaningful to investors as 3M considers net debt and its
components to be important indicators of liquidity and financial position. The following table provides net debt as of June 30, 2023 and December 31, 2022.
(Millions)
June 30, 2023
December 31, 2022
Change
Total debt
$
15,987
$
15,939
$
48 
Less: Cash, cash equivalents and marketable securities
4,337
3,916
421 
Net debt (non-GAAP measure)
$
11,650
$
12,023
$
(373)
Refer to the preceding Total Debt and Cash, Cash Equivalents and Marketable Securities sections for additional details.
Balance Sheet:

CONTEXT 3 (3M_2023Q2_10Q.pdf):
license, in the quarter ended June 30, 2023, 3M paid $67 as part of its intellectual property protection efforts in Iran. 3M plans to continue these activities, as authorized under
the specific license.
85
[Page 86]
Table of Contents
Item 6. Exhibits.
10.1
Settlement Agreement, dated as of June 22, 2023, of 3M Company is incorporated by reference from our Form 8-K dated June 22, 2023.
10.2
Amendment No. 1, dated July 7, 2023, to the Five-Year Credit Agreement is incorporated by reference from our Form 8-K dated July 10, 2023.
(31.1)
Certification of the Chief Executive Officer pursuant to Section 302 of the Sarbanes-Oxley Act of 2002, 18 U.S.C. Section 1350.
(31.2)

CONTEXT 4 (3M_2023Q2_10Q.pdf):
outstanding as of December 31, 2022.
Total debt:
The strength of 3M’s credit profile and significant ongoing cash flows provide 3M proven access to capital markets. Additionally, the Company’s debt maturity profile is
staggered to help ensure refinancing needs in any given year are reasonable in proportion to the total portfolio. As of June 2023, 3M has a credit rating of A2, negative outlook
from Moody's Investors Service, and a credit rating of A-, CreditWatch negative from S&P Global Ratings.
The Company’s total debt at June 30, 2023 was consistent when compared to December 31, 2022 as maturities of $1.8 billion of fixed-rate notes were offset by issuances of

CONTEXT 5 (3M_2023Q2_10Q.pdf):
86
[Page 87]
Table of Contents
SIGNATURES
Pursuant to the requirements of the Securities Exchange Act of 1934, the Registrant has duly caused this report to be signed on its behalf by the undersigned thereunto duly
authorized.
3M COMPANY
(Registrant)
Date: July 25, 2023
By
/s/ Monish Patolawala
Monish Patolawala,
Executive Vice President and Chief Financial and Transformation Officer
(Mr. Patolawala is a Principal Financial Officer and has been duly
authorized to sign on behalf of the Registrant.)
87

[Page 88]
EXHIBIT 31.1
SARBANES-OXLEY SECTION 302 CERTIFICATION
I, Michael F. Roman, certify that:
1.
I have reviewed this quarterly report on Form 10-Q of 3M Company;
2.

CONTEXT 6 (3M_2023Q2_10Q.pdf):
and approximately $1.1 billion was held in the United States. These balances are invested in bank instruments and other high-quality fixed income securities. At December 31,
2022, 3M had $3.9 billion of cash, cash equivalents and marketable securities, of which approximately $2.7 billion was held by the Company’s foreign subsidiaries and $1.2
billion was held by the United States. The increase from December 31, 2022 primarily resulted from cash flow from operations.
Net Debt (non-GAAP measure):
Net debt is not defined under U.S. GAAP and may not be computed the same as similarly titled measures used by other companies. The Company defines net debt as total debt

CONTEXT 7 (3M_2023Q2_10Q.pdf):
in 3M's 2022 Annual Report on Form 10-K for further information on earnings considered to be reinvested indefinitely.
3M maintains a strong liquidity profile. The Company’s primary short-term liquidity needs are met through cash on hand and U.S. commercial paper issuances. 3M believes it
will have continuous access to the commercial paper market. 3M’s commercial paper program permits the Company to have a maximum of $5 billion outstanding with a
maximum maturity of 397 days from date of issuance. The Company had $1.8 billion in commercial paper outstanding at June 30, 2023, compared to no commercial paper
outstanding as of December 31, 2022.
Total debt:

CONTEXT 8 (3M_2023Q2_10Q.pdf):
8 
Total marketable securities
$
79 
18
[Page 19]
Table of Contents
NOTE 10. Long-Term Debt and Short-Term Borrowings
In February 2023, 3M repaid $500 million aggregate principal amount of fixed-rate registered notes that matured. In March 2023, 3M repaid $650 million aggregate principal
amount of fixed-rate medium-term notes that matured. In May 2023, 3M repaid 600 million euros aggregate principal amount of fixed-rate medium-term notes that matured.
2022 issuances, maturities, and extinguishments of short- and long-term debt are described in Note 12 to the Consolidated Financial Statements in 3M's 2022 Annual Report on
Form 10-K.

CONTEXT 9 (3M_2023Q2_10Q.pdf):
balance as of June 30, 2023, 3M expects to reclassify approximately $75 million after-tax net unrealized gain over the next 12 months (with the impact offset by earnings/losses
from underlying hedged items).
The amount of pretax gain (loss) recognized in other comprehensive income (loss) related to derivative instruments designated as cash flow hedges is provided in the following
table.
Pretax Gain (Loss) Recognized in Other Comprehensive Income (Loss) on Derivative
Three months ended
June 30,
Six months ended
June 30,
(Millions)
2023
2022
2023
2022
Foreign currency forward/option contracts
$
72 
$
128 
$
78 
$
134 
Interest rate contracts
— 
— 
—
—
Total
$
72 
$
128 
$

CONTEXT 10 (3M_2023Q2_10Q.pdf):
as Kindeva following 3M's divestiture of the drug delivery business in 2020. In the fourth quarter of 2022, 3M sold its remaining ownership interest in Kindeva.
Net Income (Loss) Attributable to Noncontrolling Interest:
Three months ended
June 30,
Six months ended
June 30,
(Millions)
2023
 
2022
2023
2022
Net income (loss) attributable to noncontrolling interest
$
5 
$
4 
$
10 
$
8 
Net income (loss) attributable to noncontrolling interest represents the elimination of the income or loss attributable to non-3M ownership interests in 3M consolidated entities.
The primary noncontrolling interest relates to 3M India Limited, of which 3M’s effective ownership is 75 percent.
63
[Page 64]

ANSWER:
Not found in context.

GOLD:
Following debt securities registered under 3M's name are listed to trade on the New York Stock Exchange:
-1.500% Notes due 2026 (Trading Symbol: MMM26)
-1.750% Notes due 2030 (Trading Symbol: MMM30)
-1.500% Notes due 2031 (Trading Symbol: MMM31)

================================================================================
[8/10]

QUESTION:
Does 3M maintain a stable trend of dividend distribution?

CONTEXT 1 (3M_2018_10K.pdf):
share) in 2016. 3M has paid dividends since 1916. In February 2019, 3M’s Board of Directors declared a first-quarter 2019 dividend of $1.44 per share, an
increase of 6 percent. This is equivalent to an annual dividend of $5.76 per share and marked the 61st consecutive year of dividend increases.
 
48
[Page 49]
Table of Contents 
Other cash flows from financing activities may include various other items, such as changes in cash overdraft balances, and principal payments for capital
leases. In addition, in 2017, this included a payment related to the $96 million in interest expense associated with premiums and fees for the early retirement
of debt. See Note 12 for additional details.

CONTEXT 2 (3M_2018_10K.pdf):
stock, compared to purchases of $2.1 billion in 2017 and $3.8 billion in 2016. The Company expects to purchase $2.0 billion to $4.0 billion of its own stock
in 2019. In February 2019, 3M’s Board of Directors declared a first-quarter 2019 dividend of $1.44 per share, an increase of 6 percent. This marked the
61st consecutive year of dividend increases for 3M. The Company has an AA- credit rating, with a stable outlook, from Standard & Poor’s and an A1
credit rating, with a stable outlook, from Moody’s Investors Service. The Company generates significant ongoing cash flow and has proven access to capital
markets funding throughout business cycles.
 
Raw materials:

CONTEXT 3 (3M_2022_10K.pdf):
for further information on earnings considered to be reinvested indefinitely.
3M maintains a strong liquidity profile. The Company’s primary short-term liquidity needs are met through cash on hand and U.S. commercial paper issuances. 3M believes it
will have continuous access to the commercial paper market. 3M’s commercial paper program permits the Company to have a maximum of $5 billion outstanding with a
maximum maturity of 397 days from date of issuance. The Company had no commercial paper outstanding at December 31, 2022 and December 31, 2021.
Total debt:

CONTEXT 4 (3M_2023Q2_10Q.pdf):
69
[Page 70]
Table of Contents
FINANCIAL CONDITION AND LIQUIDITY
The strength and stability of 3M’s business model and strong free cash flow capability, together with proven capital markets access, provide financial flexibility to deploy
capital in accordance with the Company's stated priorities and meet needs associated with contractual commitments and other obligations. Investing in 3M’s business to drive
organic growth and deliver strong returns on invested capital remains the first priority for capital deployment. This includes research and development, capital expenditures,

CONTEXT 5 (3M_2022_10K.pdf):
36
[Page 37]
Table of Contents
FINANCIAL CONDITION AND LIQUIDITY
The strength and stability of 3M’s business model and strong free cash flow capability, together with proven capital markets access, provide financial flexibility to deploy
capital in accordance with the Company's stated priorities and meet needs associated with contractual commitments and other obligations. Investing in 3M’s business to drive
organic growth and deliver strong returns on invested capital remains the first priority for capital deployment. This includes research and development, capital expenditures, and

CONTEXT 6 (3M_2023Q2_10Q.pdf):
in 3M's 2022 Annual Report on Form 10-K for further information on earnings considered to be reinvested indefinitely.
3M maintains a strong liquidity profile. The Company’s primary short-term liquidity needs are met through cash on hand and U.S. commercial paper issuances. 3M believes it
will have continuous access to the commercial paper market. 3M’s commercial paper program permits the Company to have a maximum of $5 billion outstanding with a
maximum maturity of 397 days from date of issuance. The Company had $1.8 billion in commercial paper outstanding at June 30, 2023, compared to no commercial paper
outstanding as of December 31, 2022.
Total debt:

CONTEXT 7 (3M_2018_10K.pdf):
operations. See Note 10 for further information on earnings considered to be reinvested indefinitely.
 
3M’s primary short-term liquidity needs are met through cash on hand and U.S. commercial paper issuances. 3M believes it will have continuous access to
the commercial paper market. 3M’s commercial paper program permits the Company to have a maximum of $5 billion outstanding with a maximum
maturity of 397 days from date of issuance. At December 31, 2018, there was approximately $435 million in commercial paper issued and outstanding.
 
Total Debt:

CONTEXT 8 (3M_2018_10K.pdf):
42
[Page 43]
Table of Contents 
FINANCIAL CONDITION AND LIQUIDI TY
 
The strength and stability of 3M’s business model and strong free cash flow capability, together with proven capital markets access, positions the Company
to be able to add further leverage to its capital structure. Investing in 3M’s businesses to drive organic growth remains the first priority for capital
deployment, including research and development, capital expenditures, and commercialization capability. Investment in organic growth will be
supplemented by complementary acquisitions. 3M will also continue to return cash to shareholders through dividends and share repurchases. Sources for

CONTEXT 9 (3M_2022_10K.pdf):
repurchase of up to $10 billion of 3M’s outstanding common stock, with no pre-established end date. In 2022, the Company purchased $1.5 billion of its own stock, compared
to $2.2 billion of stock purchases in 2021. As of December 31, 2022, approximately $4.2 billion remained available under the authorization. In February 2023, 3M’s Board of
Directors declared a first-quarter 2023 dividend of $1.50 per share, an increase of 1 percent. This marked the 65th consecutive year of dividend increases for 3M.
Raw materials:
Refer to the section entitled “Raw materials” in Item 1 for discussion of 3M's sources and availability of raw materials in 2022.

CONTEXT 10 (3M_2022_10K.pdf):
par value, of 10 million shares is authorized but unissued.
Cash dividends declared and paid totaled $1.49, $1.48, and $1.47 per share for each quarter in 2022, 2021 and 2020, respectively, which resulted in total year declared and paid
dividends of $5.96, $5.92, and $5.88 per share, respectively.
Dividend to noncontrolling interest in 2022 of $29 million related to dividend paid by 3M India Limited, of which 3M’s effective ownership is 75 percent.
Changes in Accumulated Other Comprehensive Income (Loss) Attributable to 3M by Component
(Millions)
Cumulative
Translation
Adjustment
Defined Benefit
Pension and
Postretirement Plans
Adjustment
Cash Flow Hedging
Instruments, Unrealized

ANSWER:
3M has marked the 61st consecutive year of dividend increases in 2019, and in 2022, the dividend increased by 1 percent in the first quarter.

GOLD:
Yes, not only they distribute the dividends on a routine basis, 3M has also been increasing the per share dividend for consecutive 65 years

================================================================================
[9/10]

QUESTION:
What is the FY2019 fixed asset turnover ratio for Activision Blizzard? Fixed asset turnover ratio is defined as: FY2019 revenue / (average PP&E between FY2018 and FY2019). Round your answer to two decimal places. Base your judgments on the information provided primarily in the statement of income and the statement of financial position.

CONTEXT 1 (ACTIVISIONBLIZZARD_2019_10K.pdf):
0.66
Diluted earnings per common share
0.89
 
0.34  
0.52  
0.65
(1) Quarterly financial data for the quarter ended December 31, 2018, as presented above, have been revised to reflect the correction of the tax error identified during
2019, as previously discussed in Note 2.
F-55
[Page 123]
Table of Contents
SCHEDULE II
ACTIVISION BLIZZARD, INC. AND SUBSIDIARIES
VALUATION AND QUALIFYING ACCOUNTS
(Amounts in millions)
Col. A Description
 
Col. B
Balance at
Beginning of
Period
 
Col. C
Additions(A)
 
Col. D
Deductions(B)
 
Col. E
Balance at End
of Period
At December 31, 2019
 
 
 
 
 
  
 
Allowances for sales returns and price protection and other allowances  $
186
 $
11
 $
(79)  $
118

CONTEXT 2 (ACTIVISIONBLIZZARD_2019_10K.pdf):
restricted stock units
—
 
—
 
—
 
—
 
164
 
—
 
—  
164
Dividends ($0.37 per common share)
—
 
—
 
—
 
—
 
—
 
(283)  
—  
(283)
Balance at December 31, 2019
1,197
 $
—
 
(429)  $ (5,563)  $
11,174
 $
7,813
 $
(619)  $
12,805
The accompanying notes are an integral part of these Consolidated Financial Statements.
F-7
[Page 73]
Table of Contents
ACTIVISION BLIZZARD, INC. AND SUBSIDIARIES
CONSOLIDATED STATEMENTS OF CASH FLOWS
(Amounts in millions)
 
For the Years Ended December 31,
 
2019
 
2018
 
2017
Cash flows from operating activities:
 
 
 
 
 
Net income
$
1,503
 $
1,848
 $
273
Adjustments to reconcile net income to net cash provided by operating activities:

CONTEXT 3 (ACTIVISIONBLIZZARD_2019_10K.pdf):
Notes to Consolidated Financial Statements (continued)
At December 31, 2019, future amortization of definite-lived intangible assets is estimated as follows (amounts in millions):
2020
$
75
2021
11
2022
7
2023
2
2024
1
Thereafter
2
Total
$
98
8. Goodwill
The changes in the carrying amount of goodwill by operating segment are as follows (amounts in millions):
 
Activision
 
Blizzard
 
King
 
Total
Balance at December 31, 2017
$
6,898
 $
190
 $
2,675  $
9,763
Other
(1)  
—
 
—  
(1)
Balance at December 31, 2018
$
6,897
 $
190
 $
2,675  $
9,762
Other
1
 
—
 
1  
2
Balance at December 31, 2019
$
6,898
 $
190
 $
2,676  $
9,764

CONTEXT 4 (ACTIVISIONBLIZZARD_2019_10K.pdf):
Basic
767
 
762  
754
Diluted
771
 
771  
766
The accompanying notes are an integral part of these Consolidated Financial Statements.
F-5
[Page 71]
Table of Contents
ACTIVISION BLIZZARD, INC. AND SUBSIDIARIES
CONSOLIDATED STATEMENTS OF COMPREHENSIVE INCOME
(Amounts in millions)
 
For the Years Ended December 31,
 
2019
 
2018
 
2017
Net income
$
1,503
 $
1,848  $
273
Other comprehensive income (loss):
 
 
  
 
Foreign currency translation adjustments, net of tax
5
 
(9)  
36
Unrealized gains (losses) on forward contracts designated as hedges, net of tax
(15)  
38  
(44)
Unrealized gains (losses) on investments, net of tax
(8)  
5  
(1)
Total other comprehensive income (loss)
$

CONTEXT 5 (ACTIVISIONBLIZZARD_2019_10K.pdf):
Table of Contents
ACTIVISION BLIZZARD, INC. AND SUBSIDIARIES
Notes to Consolidated Financial Statements (continued)
11. Deferred Revenues
We record deferred revenues when cash payments are received or due in advance of the fulfillment of our associated performance obligations. The opening
balance of deferred revenues as of January 1, 2019 and the ending balance as of December 31, 2019, were $1.6 billion and $1.4 billion, respectively, including our
current and non-current balances. For the year ended December 31, 2019, the additions to our deferred revenues balance were primarily due to cash payments received

CONTEXT 6 (ACTIVISIONBLIZZARD_2019_10K.pdf):
including related debt financings.
(5) Reflects restructuring initiatives, which include severance and other restructuring-related costs.
(6) Reflects a non-cash accounting charge to reclassify certain cumulative translation gains (losses) into earnings due to the substantial liquidation of certain of our
foreign entities.
(7) Reflects the impact of other unusual or unique tax-related items and activities.
F-37
[Page 103]
Table of Contents
ACTIVISION BLIZZARD, INC. AND SUBSIDIARIES
Notes to Consolidated Financial Statements (continued)
 Due to requirements from our adoption of a new revenue accounting standard in 2018, net revenues by distribution channel for the years ended December 31,

CONTEXT 7 (ACTIVISIONBLIZZARD_2019_10K.pdf):
Resources.”
Off-balance Sheet Arrangements
At December 31, 2019 and 2018, Activision Blizzard had no significant relationships with unconsolidated entities or financial parties, often referred to as
“structured finance” or “special purpose” entities, established for the purpose of facilitating off-balance sheet arrangements or other contractually narrow or limited
purposes, that have or are reasonably likely to have a material current or future effect on our financial condition, changes in financial condition, revenues or expenses,
results of operations, liquidity, capital expenditures, or capital resources.
52
[Page 53]
Table of Contents
Critical Accounting Policies and Estimates

CONTEXT 8 (ACTIVISIONBLIZZARD_2019_10K.pdf):
Page 2
[Page 174]
Activision Blizzard’s common stock (“Shares”) that shall be received on each of the applicable vesting dates is determined
as follows:
i.
One-third of the 2019 Performance Share Units (the “First Tranche 2019 Performance Share Units”) shall vest on
July 31, 2020, if, and only if, the Compensation Committee determines that non-GAAP operating income (calculated
in the same manner as the 2019 AOP OI Objective (as defined below)) for 2019 for Activision Blizzard (“2019 OI”)
is 90% or more of the annual operating plan operating income objective for Activision Blizzard established by the

CONTEXT 9 (ACTIVISIONBLIZZARD_2019_10K.pdf):
and other expense (income), net” in our consolidated statement of operations. As of December 31, 2019, the carrying value of the investment is $42 million and is
recorded in “Other assets” on our consolidated balance sheet. We classify this investment as Level 3 in the fair value hierarchy as we estimated the value based on
valuation methods using the observable transaction price in a market with limited activity.
For the years ended December 31, 2019, 2018, and 2017, there were no impairment charges related to assets that are measured on a non-recurring basis.
F-29
[Page 95]
Table of Contents
ACTIVISION BLIZZARD, INC. AND SUBSIDIARIES

CONTEXT 10 (ACTIVISIONBLIZZARD_2019_10K.pdf):
(8)  
5  
(1)
Total other comprehensive income (loss)
$
(18)  $
34  $
(9)
Comprehensive income
$
1,485
 $
1,882  $
264
The accompanying notes are an integral part of these Consolidated Financial Statements.
F-6
[Page 72]
Table of Contents
ACTIVISION BLIZZARD, INC. AND SUBSIDIARIES
CONSOLIDATED STATEMENTS OF CHANGES IN SHAREHOLDERS’ EQUITY
For the Years Ended December 31, 2019, 2018, and 2017
(Amounts and shares in millions, except per share data)
 
Common Stock
 
Treasury Stock
 Additional
Paid-In
Capital
 
Retained
Earnings
 
Accumulated
Other
Comprehensive
Income (Loss)
 
Total
Shareholders’
Equity
 
Shares  Amount  
Shares  Amount  
 
 
 
Balance at December 31, 2016
1,174
 $
—

ANSWER:
Not found in context.

GOLD:
24.26

JUSTIFICATION:
The metric in question was calculated using other simpler metrics. The various simpler metrics (from the current and, if relevant, previous fiscal year(s)) used were:

Metric 1: Total revenue. This metric was located in the 10K as a single line item named: Total net revenues.

Metric 2: Ppne, net. This metric was located in the 10K as a single line item named: Property and equipment, net.

================================================================================
[10/10]

QUESTION:
What is the FY2017 - FY2019 3 year average of capex as a % of revenue for Activision Blizzard? Answer in units of percents and round to one decimal place. Calculate (or extract) the answer from the statement of income and the cash flow statement.

CONTEXT 1 (ACTIVISIONBLIZZARD_2019_10K.pdf):
availability of separate financial information. We do not aggregate operating segments.
F-35
[Page 101]
Table of Contents
ACTIVISION BLIZZARD, INC. AND SUBSIDIARIES
Notes to Consolidated Financial Statements (continued)
Information on the reportable segment net revenues and segment operating income are presented below (amounts in millions):
 
 
Year Ended December 31, 2019
 
 
Activision
 
Blizzard
 
King
 
Total
Segment Revenues
  
  
  
  
Net revenues from external customers
 $
2,219
 $
1,676
 $
2,031  $
5,926
Intersegment net revenues (1)
 
—
 
43
 
—  
43
Segment net revenues
 $
2,219
 $
1,719
 $
2,031  $
5,969
Segment operating income
 $
850
 $
464
 $
740  $
2,054

CONTEXT 2 (ACTIVISIONBLIZZARD_2019_10K.pdf):
net revenues. No other country’s net revenues exceeded 10% of consolidated net revenues for the years ended December 31, 2019, 2018, or 2017.
F-41
[Page 107]
Table of Contents
ACTIVISION BLIZZARD, INC. AND SUBSIDIARIES
Notes to Consolidated Financial Statements (continued)
Net revenues by platform, including a reconciliation to each of our reportable segment’s net revenues, were as follows (amounts in millions):
 
 
Year Ended December 31, 2019
 
 
Activision
 
Blizzard
 
King
 
Non-
reportable
segments
 
Elimination of
intersegment
revenues (3)
 
Total
Net revenues by platform:
  
  
  
  
  
  
Console
 $
1,783
 $
137
 $
—
 $
—  $
—  $
1,920
PC
 
298
 
1,346
 
117
 
—  
(43)

CONTEXT 3 (ACTIVISIONBLIZZARD_2019_10K.pdf):
Our operating segments are also consistent with our internal organizational structure, the way we assess operating performance and allocate resources, and the
availability of separate financial information. We do not aggregate operating segments.
 
Information on the reportable segment net revenues and segment operating income are presented below (amounts in millions):
 
 
For the Year Ended December 31, 2019
 
Increase / (decrease) 2019 v 2018
 
 
Activision
 
Blizzard
 
King
 
Total
 
Activision
 
Blizzard
 
King
 
Total
Segment Revenues
  
  
  
  
  
  
  
  
Net revenues from external
customers
 $
2,219
 $
1,676
 $
2,031
 $
5,926
 $
(239)  $
(562)  $
(55)  $
(856)

CONTEXT 4 (ACTIVISIONBLIZZARD_2019_10K.pdf):
restricted stock units
—
 
—
 
—
 
—
 
164
 
—
 
—  
164
Dividends ($0.37 per common share)
—
 
—
 
—
 
—
 
—
 
(283)  
—  
(283)
Balance at December 31, 2019
1,197
 $
—
 
(429)  $ (5,563)  $
11,174
 $
7,813
 $
(619)  $
12,805
The accompanying notes are an integral part of these Consolidated Financial Statements.
F-7
[Page 73]
Table of Contents
ACTIVISION BLIZZARD, INC. AND SUBSIDIARIES
CONSOLIDATED STATEMENTS OF CASH FLOWS
(Amounts in millions)
 
For the Years Ended December 31,
 
2019
 
2018
 
2017
Cash flows from operating activities:
 
 
 
 
 
Net income
$
1,503
 $
1,848
 $
273
Adjustments to reconcile net income to net cash provided by operating activities:

CONTEXT 5 (ACTIVISIONBLIZZARD_2019_10K.pdf):
$
850
 $
464
 $
740  $
2,054
 
  
  
  
  
 
 
Year Ended December 31, 2018
 
 
Activision
 
Blizzard
 
King
 
Total
Segment Revenues
  
  
  
  
Net revenues from external customers
 $
2,458
 $
2,238
 $
2,086  $
6,782
Intersegment net revenues (1)
 
—
 
53
 
—  
53
Segment net revenues
 $
2,458
 $
2,291
 $
2,086  $
6,835
Segment operating income
 $
1,011
 $
685
 $
750  $
2,446
 
  
  
  
  
 
 
Year Ended December 31, 2017
 
 
Activision
 
Blizzard
 
King
 
Total
Segment Revenues
  
  
  
  
Net revenues from external customers
 $
2,628
 $
2,120
 $
1,998  $
6,746
Intersegment net revenues (1)
 
—
 
19
 
—  
19
Segment net revenues
 $
2,628
 $
2,139
 $
1,998  $
6,765

CONTEXT 6 (ACTIVISIONBLIZZARD_2019_10K.pdf):
0.66
Diluted earnings per common share
0.89
 
0.34  
0.52  
0.65
(1) Quarterly financial data for the quarter ended December 31, 2018, as presented above, have been revised to reflect the correction of the tax error identified during
2019, as previously discussed in Note 2.
F-55
[Page 123]
Table of Contents
SCHEDULE II
ACTIVISION BLIZZARD, INC. AND SUBSIDIARIES
VALUATION AND QUALIFYING ACCOUNTS
(Amounts in millions)
Col. A Description
 
Col. B
Balance at
Beginning of
Period
 
Col. C
Additions(A)
 
Col. D
Deductions(B)
 
Col. E
Balance at End
of Period
At December 31, 2019
 
 
 
 
 
  
 
Allowances for sales returns and price protection and other allowances  $
186
 $
11
 $
(79)  $
118

CONTEXT 7 (ACTIVISIONBLIZZARD_2019_10K.pdf):
2,219
 $
1,676
 $
2,031
 $
5,926
 $
(239)  $
(562)  $
(55)  $
(856)
Intersegment net revenues (1)
 
—
 
43
 
—
 
43
 
—
 
(10)  
—
 
(10)
Segment net revenues
 $
2,219
 $
1,719
 $
2,031
 $
5,969
 $
(239)  $
(572)  $
(55)  $
(866)
Segment operating income
 $
850
 $
464
 $
740
 $
2,054
 $
(161)  $
(221)  $
(10)  $
(392)
 
 
 
For the Year Ended December 31, 2018
  
 
 
Activision
 
Blizzard
 
King
 
Total
  
  
  
  
Segment Revenues
  
  
  
  
  
  
  
  
Net revenues from external
customers
 $
2,458
 $
2,238
 $
2,086
 $
6,782
 
 
 
 
Intersegment net revenues (1)
 
—
 
53
 
—
 
53
 
 
 
 
Segment net revenues
 $
2,458
 $
2,291
 $
2,086
 $
6,835
 
 
 
 
Segment operating income

CONTEXT 8 (ACTIVISIONBLIZZARD_2019_10K.pdf):
Table of Contents
ACTIVISION BLIZZARD, INC. AND SUBSIDIARIES
Notes to Consolidated Financial Statements (continued)
11. Deferred Revenues
We record deferred revenues when cash payments are received or due in advance of the fulfillment of our associated performance obligations. The opening
balance of deferred revenues as of January 1, 2019 and the ending balance as of December 31, 2019, were $1.6 billion and $1.4 billion, respectively, including our
current and non-current balances. For the year ended December 31, 2019, the additions to our deferred revenues balance were primarily due to cash payments received

CONTEXT 9 (ACTIVISIONBLIZZARD_2019_10K.pdf):
be indicative of longer-term trends. The following table details our average MAUs on a sequential quarterly basis for each of our reportable segments (amounts in
millions):
 
December 31, 2019
 
September 30, 2019
 
June 30, 2019
 
March 31, 2019
 
December 31, 2018
 
September 30, 2018
Activision
128
 
36
 
37
 
41
 
53  
46
Blizzard
32
 
33
 
32
 
32
 
35  
37
King
249
 
247
 
258
 
272
 
268  
262
Total
409
 
316
 
327
 
345
 
356  
345
Average MAUs increased by 93 million, or 29%, for the three months ended December 31, 2019, as compared to the three months ended September 30, 2019,

CONTEXT 10 (ACTIVISIONBLIZZARD_2019_10K.pdf):
F-39
[Page 105]
Table of Contents
ACTIVISION BLIZZARD, INC. AND SUBSIDIARIES
Notes to Consolidated Financial Statements (continued)
Geographic information presented below is based on the location of the paying customer. Net revenues by geographic region, including a reconciliation to each of
our reportable segment’s net revenues, were as follows (amounts in millions):
 
 
Year Ended December 31, 2019
 
 
Activision
 
Blizzard
 
King
 
Non-reportable
segments
 
Elimination of
intersegment
revenues (2)
 
Total
Net revenues by geographic region:
  
  
  
  
  
  
Americas
 $
1,286
 $
822
 $
1,254
 $
—  $
(21)  $
3,341
EMEA (1)
 
691
 
543
 
557
 
464  
(16)  
2,239
Asia Pacific
 
210
 
487

ANSWER:
Not found in context.

GOLD:
1.9%

JUSTIFICATION:
The metric in question was calculated using other simpler metrics. The various simpler metrics (from the current and, if relevant, previous fiscal year(s)) used were:

Metric 1: Capital expenditures. This metric was located in the 10K as a single line item named: Capital expenditures.

Metric 2: Total revenue. This metric was located in the 10K as a single line item named: Total net revenues.

